// Jest Snapshot v1, https://goo.gl/fbAQLP

exports[`Given TaskList renders correctly 1`] = `
<ul
  className="MuiList-root MuiList-padding css-62wvau-MuiList-root"
/>
`;
